[www.google.es/index.html]
[backblue.gif]
[fade.gif]
[index.html]
[www.google.es/webhp3d1f.html]
[www.google.es/preferencesde3a]
[www.google.es/images/branding/googlelogo/1x/googlelogo_white_background_color_272x92dp.png]
[www.google.es/advanced_search0377.html]
[www.google.es/index.html]
[www.google.es/intl/es/policies/privacy/index.html]
[www.google.es/intl/es/policies/terms/index.html]
[www.google.es/webhp3d1f.html]
[www.google.es/safesearch4c78.html]
[www.google.es/preferencesde3a]
[www.google.es/advanced_search0377.html]
[www.google.es/intl/es/ads/index.html]
[www.google.es/intl/es/services/index.html]
[www.google.es/intl/es/about/index.html]
[www.google.es/intl/es/policies/privacy/index.html]
[www.google.es/intl/es/policies/terms/index.html]
[www.google.es/setting/search/privateresults/index0377.html]
[www.google.es/images/branding/searchlogo/1x/googlelogo_desk_heirloom_color_150x55dp.gif]
[www.google.es/safesearch4c78.html]
[www.google.es/gci_91f30755d6a6b787dcc2a4062e6e9824.html]
[www.google.es/Edg/index.html]
[www.google.es/preferencesbe6b]
[www.google.es/+/index.html]
[www.google.es/gbar.html]
[www.google.es/intl/es/policies/privacy/curl.html]
[www.google.es/intl/es/policies/terms/curl.html]
[www.google.es/setting/search/privateresults/indexde3a.html]
[www.google.es/index1204.html]
[www.google.es/safesearch3a3f.html]
[www.google.es/preferencesbe6b]
[www.google.es/plus.html]
[www.google.es/safesearch3a3f.html]
